/opt/denario-venv/lib/python3.12/site-packages/denario/langgraph_agents/paper_module/LaTeX/AAS_keywords.txt
Found 7 plot files to process....
Plot files: ['step_8_FTLE_cohorts_1778069999.png', 'step_8_MSD_conditional_1778069999.png', 'step_8_Q_autocorr_1778069999.png']...
Extracting UNESCO keywords.......
UNESCO keyword extraction failed: 'list' object has no attribute 'find'
✅✅.................Abstract written
✅✅✅✅✅✅✅...............Captions generated
✅................Figures generated
✅.............Introduction written
✅..................Methods written
❌✅..................Results written
✅..............Conclusions written
Compiling paper_v1_preliminary...✅✅
✅..........Refined results written
Compiling paper_v2_no_citations..✅✅
   - Citations added to Introduction
   - Citations added to Methods
Sanitized BibTeX saved to: /home/node/work/projects/ns_lagrangian_v1/Iteration2/paper_output/bibliography.bib
✅ Citations added to all sections.
Compiling paper_v3_citations.....❌❌❌
Refining Introduction with citations
Refining Methods with citations
✅  - Introduction with citations refined
✅  - Methods with citations refined
Compiling paper_v4_final.........✅✅✅
Paper written in 10 min 44 sec.
Cost: $0.684
